Microchip MPLAB XC8 Compiler V2.41

Linker command line:

-W-3 \
  --edf=C:/Program Files/Microchip/MPLABX/v6.15/packs/Microchip/PIC18Fxxxx_DFP/1.4.151/xc8\pic\dat\20230323171731_en.msgs \
  -cn -h+dist/default/debug\Project_One.debug.sym \
  --cmf=dist/default/debug\Project_One.debug.cmf -z -Q18F4620 \
  -oC:\Users\DELL\AppData\Local\Temp\xcAsdlo.\driver_tmp_3.o \
  --defsym=__MPLAB_BUILD=1 --fixupoverflow=error \
  -Mdist/default/debug/Project_One.debug.map \
  --md=C:\Users\DELL\AppData\Local\Temp\xcAsdlo.\driver_tmp_0.dat -E1 \
  -ver=XC8 Compiler --acfsm=1493 -ACODE=00h-0FFFFh -ACONST=00h-0FFFFh \
  -ASMALLCONST=01000h-010FFhx240 -AMEDIUMCONST=01000h-0FFFFh \
  -ACOMRAM=01h-07Fh -AABS1=00h-0F7Fh -ABIGRAM=01h-0F7Fh \
  -ARAM=080h-0FFh,0100h-01FFhx14,0F00h-0F7Fh -ABANK0=080h-0FFh \
  -ABANK1=0100h-01FFh -ABANK2=0200h-02FFh -ABANK3=0300h-03FFh \
  -ABANK4=0400h-04FFh -ABANK5=0500h-05FFh -ABANK6=0600h-06FFh \
  -ABANK7=0700h-07FFh -ABANK8=0800h-08FFh -ABANK9=0900h-09FFh \
  -ABANK10=0A00h-0AFFh -ABANK11=0B00h-0BFFh -ABANK12=0C00h-0CFFh \
  -ABANK13=0D00h-0DFFh -ABANK14=0E00h-0EFFh -ABANK15=0F00h-0F7Fh \
  -ASFR=0F80h-0FFFh -ABIGSFR=0F80h-0FFFh -ACONFIG=0300000h-030000Dh \
  -AIDLOC=0200000h-0200007h -AEEDATA=0F00000h-0F003FFh -peeprom_data=EEDATA \
  -preset_vec=00h,intcode=08h,intcodelo,powerup,init -pramtop=01000h \
  -psmallconst=SMALLCONST -pmediumconst=MEDIUMCONST -pconst=CONST \
  -AFARRAM=00h-00h \
  -prdata=COMRAM,nvrram=COMRAM,nvbit=COMRAM,rbss=COMRAM,rbit=COMRAM \
  -pfarbss=FARRAM,fardata=FARRAM,nvFARRAM=FARRAM \
  -pintsave_regs=BIGRAM,bigbss=BIGRAM,bigdata=BIGRAM -pbss=RAM \
  -pidata=CODE,irdata=CODE,ibigdata=CODE,ifardata=CODE -prparam=COMRAM \
  C:\Users\DELL\AppData\Local\Temp\xcAsdlo.\driver_tmp_9.o \
  dist/default/debug\Project_One.debug.o 

Object code version is 3.11

Machine type is 18F4620



                Name                               Link     Load   Length Selector   Space Scale
C:\Users\DELL\AppData\Local\Temp\xcAsdlo.\driver_tmp_9.o
                config                           300000   300000        E        0       4
                init                                  E        E        4        4       0
                reset_vec                             0        0        4        0       0
dist/default/debug\Project_One.debug.o
                intcode                               8        8        6        4       0
                config                           300000   300000        E        0       4
                temp                                 64       64        1        1       1
                smallconst                         1000     1000       2E      800       0
                text40                             3056     3056        4      817       0
                text39                             3052     3052        4      817       0
                text38                             304E     304E        4      817       0
                text37                             2F30     2F30       2A      817       0
                text36                             2FE6     2FE6       1A      817       0
                text35                             2D7A     2D7A       56      817       0
                text34                             2544     2544      132      817       0
                text33                             2BA0     2BA0       80      817       0
                text32                             2B20     2B20       80      817       0
                text31                             277C     277C      100      817       0
                text30                             2EA4     2EA4       30      817       0
                text29                             2A0C     2A0C       92      817       0
                text28                             2C9C     2C9C       72      817       0
                text27                             3000     3000       10      817       0
                text26                             2F02     2F02       2E      817       0
                text25                             304A     304A        4      817       0
                text24                             3046     3046        4      817       0
                text23                             3042     3042        4      817       0
                text22                             2FCC     2FCC       1A      817       0
                text21                             2FB2     2FB2       1A      817       0
                text20                             2F98     2F98       1A      817       0
                text19                             2F7E     2F7E       1A      817       0
                text18                             3028     3028        C      817       0
                text17                             301C     301C        C      817       0
                text16                             3034     3034        8      817       0
                text15                             3010     3010        C      817       0
                intcode_body                       1980     1980      3F6      817       0
                text13                             22C4     22C4      144      817       0
                text12                             2408     2408      13C      817       0
                text11                             2D0E     2D0E       6C      817       0
                text10                             2C20     2C20       7C      817       0
                text9                              287C     287C       DC      817       0
                text8                              2958     2958       B4      817       0
                text7                              102E     102E      4C2      817       0
                text6                              1D76     1D76      39A      817       0
                text5                              2676     2676      106      817       0
                text4                              2110     2110      1B4      817       0
                text3                              14F0     14F0      490      817       0
                text2                              2E22     2E22       52      817       0
                text1                              2DD0     2DD0       52      817       0
                text0                              2F5A     2F5A       24      817       0
                cstackCOMRAM                          1        1       46        1       1
                cstackBANK0                          F4       F4        C       80       1
                cstackBANK1                         130      130        F      100       1
                dataBANK1                           100      100       30      100       1
                dataBANK0                            C6       C6       2E       80       1
                bssBANK0                             80       80       46       80       1
                dataCOMRAM                           5E       5E        6        1       1
                bssCOMRAM                            47       47       17        1       1
                cinit                              2A9E     2A9E       82      817       0
                idataBANK1                         2E74     2E74       30      817       0
                idataBANK0                         2ED4     2ED4       2E      817       0
                idataCOMRAM                        303C     303C        6      817       0

TOTAL           Name                               Link     Load   Length     Space
        CLASS   CODE           
                intcode                               8        8        6         0
                init                                  E        E        4         0
                reset_vec                             0        0        4         0
                text40                             3056     3056        4         0
                text39                             3052     3052        4         0
                text38                             304E     304E        4         0
                text37                             2F30     2F30       2A         0
                text36                             2FE6     2FE6       1A         0
                text35                             2D7A     2D7A       56         0
                text34                             2544     2544      132         0
                text33                             2BA0     2BA0       80         0
                text32                             2B20     2B20       80         0
                text31                             277C     277C      100         0
                text30                             2EA4     2EA4       30         0
                text29                             2A0C     2A0C       92         0
                text28                             2C9C     2C9C       72         0
                text27                             3000     3000       10         0
                text26                             2F02     2F02       2E         0
                text25                             304A     304A        4         0
                text24                             3046     3046        4         0
                text23                             3042     3042        4         0
                text22                             2FCC     2FCC       1A         0
                text21                             2FB2     2FB2       1A         0
                text20                             2F98     2F98       1A         0
                text19                             2F7E     2F7E       1A         0
                text18                             3028     3028        C         0
                text17                             301C     301C        C         0
                text16                             3034     3034        8         0
                text15                             3010     3010        C         0
                intcode_body                       1980     1980      3F6         0
                text13                             22C4     22C4      144         0
                text12                             2408     2408      13C         0
                text11                             2D0E     2D0E       6C         0
                text10                             2C20     2C20       7C         0
                text9                              287C     287C       DC         0
                text8                              2958     2958       B4         0
                text7                              102E     102E      4C2         0
                text6                              1D76     1D76      39A         0
                text5                              2676     2676      106         0
                text4                              2110     2110      1B4         0
                text3                              14F0     14F0      490         0
                text2                              2E22     2E22       52         0
                text1                              2DD0     2DD0       52         0
                text0                              2F5A     2F5A       24         0
                cinit                              2A9E     2A9E       82         0
                idataBANK1                         2E74     2E74       30         0
                idataBANK0                         2ED4     2ED4       2E         0
                idataCOMRAM                        303C     303C        6         0

        CLASS   CONST          

        CLASS   SMALLCONST     
                smallconst                         1000     1000       2E         0

        CLASS   MEDIUMCONST    

        CLASS   COMRAM         
                temp                                 64       64        1         1
                cstackCOMRAM                          1        1       46         1
                dataCOMRAM                           5E       5E        6         1
                bssCOMRAM                            47       47       17         1

        CLASS   ABS1           

        CLASS   BIGRAM         

        CLASS   RAM            

        CLASS   BANK0          
                cstackBANK0                          F4       F4        C         1
                dataBANK0                            C6       C6       2E         1
                bssBANK0                             80       80       46         1

        CLASS   BANK1          
                cstackBANK1                         130      130        F         1
                dataBANK1                           100      100       30         1

        CLASS   BANK2          

        CLASS   BANK3          

        CLASS   BANK4          

        CLASS   BANK5          

        CLASS   BANK6          

        CLASS   BANK7          

        CLASS   BANK8          

        CLASS   BANK9          

        CLASS   BANK10         

        CLASS   BANK11         

        CLASS   BANK12         

        CLASS   BANK13         

        CLASS   BANK14         

        CLASS   BANK15         

        CLASS   SFR            

        CLASS   BIGSFR         

        CLASS   CONFIG         
                config                           300000   300000        E         4

        CLASS   IDLOC          

        CLASS   EEDATA         

        CLASS   FARRAM         

        CLASS   HEAP           

        CLASS   STACK          



SEGMENTS        Name                           Load    Length   Top    Selector   Space  Class

                reset_vec                      000000  000004  000004         0       0  CODE    
                cstackCOMRAM                   000001  000064  000065         1       1  COMRAM  
                intcode                        000008  00000A  000012         4       0  CODE    
                bssBANK0                       000080  000080  000100        80       1  BANK0   
                dataBANK1                      000100  00003F  00013F       100       1  BANK1   
                smallconst                     001000  00002E  00102E       800       0  SMALLCON
                text7                          00102E  00202C  00305A       817       0  CODE    


UNUSED ADDRESS RANGES

        Name                Unused          Largest block    Delta
        BANK1            00013F-0001FF               C1
        BANK10           000A00-000AFF              100
        BANK11           000B00-000BFF              100
        BANK12           000C00-000CFF              100
        BANK13           000D00-000DFF              100
        BANK14           000E00-000EFF              100
        BANK15           000F00-000F7F               80
        BANK2            000200-0002FF              100
        BANK3            000300-0003FF              100
        BANK4            000400-0004FF              100
        BANK5            000500-0005FF              100
        BANK6            000600-0006FF              100
        BANK7            000700-0007FF              100
        BANK8            000800-0008FF              100
        BANK9            000900-0009FF              100
        BIGRAM           000065-00007F               1B
                         00013F-000F7F              E41
        BIGSFR           000F80-000FFF               80
        CODE             000004-000007                4
                         000012-000FFF              FEE
                         00305A-00FFFF             CFA6
        COMRAM           000065-00007F               1B
        CONST            000004-000007                4
                         000012-000FFF              FEE
                         00305A-00FFFF             CFA6
        EEDATA           F00000-F003FF              400
        IDLOC            200000-200007                8
        MEDIUMCONST      00305A-00FFFF             CFA6
        RAM              00013F-000F7F              100
        SFR              000F80-000FFF               80
        SMALLCONST       00305A-00FFFF              100

                                  Symbol Table

?___fladd                                     cstackBANK0  0000F4
?___fldiv                                     cstackCOMRAM 00002A
?___fltol                                     cstackCOMRAM 00001C
?___xxtofl                                    cstackCOMRAM 00001C
CCP1_Compare_Mode_Set_Value@F3148             bssBANK0     0000B0
CCP_Captured_Mode_Read_Value@F3127            bssBANK0     0000B2
EUSART_ASYNC_RX_Init@eusar                    cstackCOMRAM 00001C
EUSART_ASYNC_TX_Init@eusar                    cstackCOMRAM 00001C
EUSART_BaudRate_Calculations@BaudRate_Temp    cstackBANK1  000134
EUSART_BaudRate_Calculations@eusar            cstackBANK1  000130
EUSART_RX_Interrupt_Hundeler@ret              cstackCOMRAM 000011
RB4_ISR@source                                cstackCOMRAM 000001
RB5_ISR@source                                cstackCOMRAM 000001
RB6_ISR@source                                cstackCOMRAM 000001
RB7_ISR@source                                cstackCOMRAM 000001
Relay_Initialize@F3042                        bssCOMRAM    000059
Relay_Turn_OFF@F3052                          bssCOMRAM    000057
Relay_Turn_ON@F3047                           bssCOMRAM    000058
USART_ASYNC_Init@eusar                        cstackBANK1  00013C
USART_ASYNC_Init@ret                          cstackBANK1  00013E
USART_ASYNC_ReadByte_Non_Blocking@data        cstackCOMRAM 000001
USART_ASYNC_ReadByte_Non_Blocking@ret         cstackCOMRAM 000003
USART_ASYNC_WriteByte_Blocking@data           cstackCOMRAM 000001
USART_ASYNC_WriteString_Blocking@L_str_length cstackCOMRAM 000009
USART_ASYNC_WriteString_Blocking@data         cstackCOMRAM 000002
USART_ASYNC_WriteString_Blocking@ret          cstackCOMRAM 000008
USART_ASYNC_WriteString_Blocking@str_len      cstackCOMRAM 000004
_ADCON0bits                                   (abs)        000FC2
_ADCON1bits                                   (abs)        000FC1
_ADCON2bits                                   (abs)        000FC0
_ADC_ISR                                      text40       003056
_ADC_Interrupt_Handular                       bssCOMRAM    000051
_ADRESH                                       (abs)        000FC4
_ADRESL                                       (abs)        000FC3
_BAUDCONbits                                  (abs)        000FB8
_CCP1CONbits                                  (abs)        000FBD
_CCP1_ISR                                     text39       003052
_CCP1_Interrupt_Hundeler                      bssCOMRAM    00004F
_CCP2CONbits                                  (abs)        000FBA
_CCP2_ISR                                     text38       00304E
_CCP2_Interrupt_Hundeler                      bssCOMRAM    00004D
_CCPR1H                                       (abs)        000FBF
_CCPR1L                                       (abs)        000FBE
_CCPR2H                                       (abs)        000FBC
_CCPR2L                                       (abs)        000FBB
_EEADR                                        (abs)        000FA9
_EEADRH                                       (abs)        000FAA
_EECON1bits                                   (abs)        000FA6
_EECON2                                       (abs)        000FA7
_EEDATA                                       (abs)        000FA8
_EUSART_ASYNC_RX_Init                         text9        00287C
_EUSART_ASYNC_TX_Init                         text8        002958
_EUSART_BaudRate_Calculations                 text3        0014F0
_EUSART_BaudRate_Calculations$4790            cstackBANK1  000138
_EUSART_Framig_error_Interrupt_Hundeler       bssBANK0     000090
_EUSART_Overrun_error_Interrupt_Hundeler      bssBANK0     00008E
_EUSART_RX_ISR                                text30       002EA4
_EUSART_RX_Interrupt_Hundeler                 text31       00277C
_EUSART_RX_Interrupt_Hundeler@hal_uart$F3701  bssCOMRAM    000047
_EUSART_TX_ISR                                text26       002F02
_EUSART_TX_Interrupt_Hundeler                 text27       003000
_EUSART_TX_Interrupt_Hundeler@hal_uart$F3700  bssCOMRAM    000049
_INT0_ISR                                     text25       00304A
_INT0_Interrupt_Handular                      bssBANK0     0000AE
_INT1_ISR                                     text24       003046
_INT1_Interrupt_Handular                      bssBANK0     0000AC
_INT2_ISR                                     text23       003042
_INT2_Interrupt_Handular                      bssBANK0     0000AA
_INTCON2bits                                  (abs)        000FF1
_INTCON3bits                                  (abs)        000FF0
_INTCONbits                                   (abs)        000FF2
_Interrupt_Manager                            intcode      000008
_LATA                                         (abs)        000F89
_LATB                                         (abs)        000F8A
_LATC                                         (abs)        000F8B
_LATD                                         (abs)        000F8C
_LATE                                         (abs)        000F8D
_PIE1bits                                     (abs)        000F9D
_PIE2bits                                     (abs)        000FA0
_PIR1bits                                     (abs)        000F9E
_PIR2bits                                     (abs)        000FA1
_PORTA                                        (abs)        000F80
_PORTB                                        (abs)        000F81
_PORTBbits                                    (abs)        000F81
_PORTC                                        (abs)        000F82
_PORTD                                        (abs)        000F83
_PORTE                                        (abs)        000F84
_PR2                                          (abs)        000FCB
_RB4_Flag                                     dataCOMRAM   000061
_RB4_ISR                                      text22       002FCC
_RB4_Interrupt_Handular_HIGH                  bssBANK0     0000A8
_RB4_Interrupt_Handular_LOW                   bssBANK0     0000A6
_RB5_Flag                                     dataCOMRAM   000060
_RB5_ISR                                      text21       002FB2
_RB5_Interrupt_Handular_HIGH                  bssBANK0     0000A4
_RB5_Interrupt_Handular_LOW                   bssBANK0     0000A2
_RB6_Flag                                     dataCOMRAM   00005F
_RB6_ISR                                      text20       002F98
_RB6_Interrupt_Handular_HIGH                  bssBANK0     0000A0
_RB6_Interrupt_Handular_LOW                   bssBANK0     00009E
_RB7_Flag                                     dataCOMRAM   00005E
_RB7_ISR                                      text19       002F7E
_RB7_Interrupt_Handular_HIGH                  bssBANK0     00009C
_RB7_Interrupt_Handular_LOW                   bssBANK0     00009A
_RCREG                                        (abs)        000FAE
_RCSTAbits                                    (abs)        000FAB
_SPBRG                                        (abs)        000FAF
_SPBRGH                                       (abs)        000FB0
_T0CONbits                                    (abs)        000FD5
_T1CONbits                                    (abs)        000FCD
_T2CONbits                                    (abs)        000FCA
_T3CONbits                                    (abs)        000FB1
_TIMER0_ISR                                   text18       003028
_TIMER1_ISR                                   text17       00301C
_TIMER2_ISR                                   text16       003034
_TIMER3_ISR                                   text15       003010
_TMR0H                                        (abs)        000FD7
_TMR0L                                        (abs)        000FD6
_TMR0_Interrupt_Hundeler                      bssBANK0     000098
_TMR1H                                        (abs)        000FCF
_TMR1L                                        (abs)        000FCE
_TMR1_Interrupt_Hundeler                      bssBANK0     000096
_TMR2                                         (abs)        000FCC
_TMR2_Interrupt_Hundeler                      bssBANK0     000094
_TMR3H                                        (abs)        000FB3
_TMR3L                                        (abs)        000FB2
_TMR3_Interrupt_Hundeler                      bssBANK0     000092
_TRISA                                        (abs)        000F92
_TRISB                                        (abs)        000F93
_TRISC                                        (abs)        000F94
_TRISCbits                                    (abs)        000F94
_TRISD                                        (abs)        000F95
_TRISE                                        (abs)        000F96
_TXREG                                        (abs)        000FAD
_TXSTAbits                                    (abs)        000FAC
_USART_ASYNC_Init                             text2        002E22
_USART_ASYNC_ReadByte_Non_Blocking            text37       002F30
_USART_ASYNC_WriteByte_Blocking               text36       002FE6
_USART_ASYNC_WriteString_Blocking             text35       002D7A
__HRAM                                        (abs)        000000
__H__absolute__                               __absolute__ 000000
__Habs1                                       abs1         000000
__Hbank0                                      bank0        000000
__Hbank1                                      bank1        000000
__Hbank10                                     bank10       000000
__Hbank11                                     bank11       000000
__Hbank12                                     bank12       000000
__Hbank13                                     bank13       000000
__Hbank14                                     bank14       000000
__Hbank15                                     bank15       000000
__Hbank2                                      bank2        000000
__Hbank3                                      bank3        000000
__Hbank4                                      bank4        000000
__Hbank5                                      bank5        000000
__Hbank6                                      bank6        000000
__Hbank7                                      bank7        000000
__Hbank8                                      bank8        000000
__Hbank9                                      bank9        000000
__Hbigbss                                     bigbss       000000
__Hbigdata                                    bigdata      000000
__Hbigram                                     bigram       000000
__Hbigsfr                                     bigsfr       000000
__Hbss                                        bss          000000
__HbssBANK0                                   bssBANK0     000000
__HbssCOMRAM                                  bssCOMRAM    000000
__Hcinit                                      cinit        000000
__Hclrtext                                    clrtext      000000
__Hcomram                                     comram       000000
__Hconfig                                     config       30000E
__Hconst                                      const        000000
__HcstackBANK0                                cstackBANK0  000000
__HcstackBANK1                                cstackBANK1  000000
__HcstackCOMRAM                               cstackCOMRAM 000000
__Hdata                                       data         000000
__HdataBANK0                                  dataBANK0    000000
__HdataBANK1                                  dataBANK1    000000
__HdataCOMRAM                                 dataCOMRAM   000000
__Heeprom_data                                eeprom_data  000000
__Hfarbss                                     farbss       000000
__Hfardata                                    fardata      000000
__Hheap                                       heap         000000
__Hibigdata                                   ibigdata     000000
__Hidata                                      idata        000000
__HidataBANK0                                 idataBANK0   000000
__HidataBANK1                                 idataBANK1   000000
__HidataCOMRAM                                idataCOMRAM  000000
__Hidloc                                      idloc        000000
__Hifardata                                   ifardata     000000
__Hinit                                       init         000012
__Hintcode                                    intcode      00000E
__Hintcode_body                               intcode_body 000000
__Hintcodelo                                  intcodelo    00000E
__Hintentry                                   intentry     000000
__Hintret                                     intret       000000
__Hintsave_regs                               intsave_regs 000000
__Hirdata                                     irdata       000000
__Hmediumconst                                mediumconst  000000
__HnvFARRAM                                   nvFARRAM     000000
__Hnvbit                                      nvbit        000000
__Hnvrram                                     nvrram       000000
__Hparam                                      rparam       000000
__Hpowerup                                    powerup      00000E
__Hram                                        ram          000000
__Hramtop                                     ramtop       001000
__Hrbit                                       rbit         000000
__Hrbss                                       rbss         000000
__Hrdata                                      rdata        000000
__Hreset_vec                                  reset_vec    000004
__Hrparam                                     rparam       000000
__Hsfr                                        sfr          000000
__Hsmallconst                                 smallconst   00102E
__Hspace_0                                    (abs)        00305A
__Hspace_1                                    (abs)        00013F
__Hspace_2                                    (abs)        000000
__Hspace_4                                    (abs)        60000E
__Hstack                                      stack        000000
__Hstruct                                     struct       000000
__Htemp                                       temp         000065
__Htext                                       text         000000
__Htext0                                      text0        000000
__Htext1                                      text1        000000
__Htext10                                     text10       000000
__Htext11                                     text11       000000
__Htext12                                     text12       000000
__Htext13                                     text13       000000
__Htext15                                     text15       000000
__Htext16                                     text16       000000
__Htext17                                     text17       000000
__Htext18                                     text18       000000
__Htext19                                     text19       000000
__Htext2                                      text2        000000
__Htext20                                     text20       000000
__Htext21                                     text21       000000
__Htext22                                     text22       000000
__Htext23                                     text23       000000
__Htext24                                     text24       000000
__Htext25                                     text25       000000
__Htext26                                     text26       000000
__Htext27                                     text27       000000
__Htext28                                     text28       000000
__Htext29                                     text29       000000
__Htext3                                      text3        000000
__Htext30                                     text30       000000
__Htext31                                     text31       000000
__Htext32                                     text32       000000
__Htext33                                     text33       000000
__Htext34                                     text34       000000
__Htext35                                     text35       000000
__Htext36                                     text36       000000
__Htext37                                     text37       000000
__Htext38                                     text38       000000
__Htext39                                     text39       000000
__Htext4                                      text4        000000
__Htext40                                     text40       000000
__Htext41                                     text41       000000
__Htext5                                      text5        000000
__Htext6                                      text6        000000
__Htext7                                      text7        000000
__Htext8                                      text8        000000
__Htext9                                      text9        000000
__LRAM                                        (abs)        000001
__L__absolute__                               __absolute__ 000000
__Labs1                                       abs1         000000
__Lbank0                                      bank0        000000
__Lbank1                                      bank1        000000
__Lbank10                                     bank10       000000
__Lbank11                                     bank11       000000
__Lbank12                                     bank12       000000
__Lbank13                                     bank13       000000
__Lbank14                                     bank14       000000
__Lbank15                                     bank15       000000
__Lbank2                                      bank2        000000
__Lbank3                                      bank3        000000
__Lbank4                                      bank4        000000
__Lbank5                                      bank5        000000
__Lbank6                                      bank6        000000
__Lbank7                                      bank7        000000
__Lbank8                                      bank8        000000
__Lbank9                                      bank9        000000
__Lbigbss                                     bigbss       000000
__Lbigdata                                    bigdata      000000
__Lbigram                                     bigram       000000
__Lbigsfr                                     bigsfr       000000
__Lbss                                        bss          000000
__LbssBANK0                                   bssBANK0     000000
__LbssCOMRAM                                  bssCOMRAM    000000
__Lcinit                                      cinit        000000
__Lclrtext                                    clrtext      000000
__Lcomram                                     comram       000000
__Lconfig                                     config       000000
__Lconst                                      const        000000
__LcstackBANK0                                cstackBANK0  000000
__LcstackBANK1                                cstackBANK1  000000
__LcstackCOMRAM                               cstackCOMRAM 000000
__Ldata                                       data         000000
__LdataBANK0                                  dataBANK0    000000
__LdataBANK1                                  dataBANK1    000000
__LdataCOMRAM                                 dataCOMRAM   000000
__Leeprom_data                                eeprom_data  000000
__Lfarbss                                     farbss       000000
__Lfardata                                    fardata      000000
__Lheap                                       heap         000000
__Libigdata                                   ibigdata     000000
__Lidata                                      idata        000000
__LidataBANK0                                 idataBANK0   000000
__LidataBANK1                                 idataBANK1   000000
__LidataCOMRAM                                idataCOMRAM  000000
__Lidloc                                      idloc        000000
__Lifardata                                   ifardata     000000
__Linit                                       init         00000E
__Lintcode                                    intcode      000008
__Lintcode_body                               intcode_body 000000
__Lintcodelo                                  intcodelo    00000E
__Lintentry                                   intentry     000000
__Lintret                                     intret       000000
__Lintsave_regs                               intsave_regs 000000
__Lirdata                                     irdata       000000
__Lmediumconst                                mediumconst  000000
__LnvFARRAM                                   nvFARRAM     000000
__Lnvbit                                      nvbit        000000
__Lnvrram                                     nvrram       000000
__Lparam                                      rparam       000000
__Lpowerup                                    powerup      00000E
__Lram                                        ram          000000
__Lramtop                                     ramtop       001000
__Lrbit                                       rbit         000000
__Lrbss                                       rbss         000000
__Lrdata                                      rdata        000000
__Lreset_vec                                  reset_vec    000000
__Lrparam                                     rparam       000000
__Lsfr                                        sfr          000000
__Lsmallconst                                 smallconst   001000
__Lspace_0                                    (abs)        000000
__Lspace_1                                    (abs)        000000
__Lspace_2                                    (abs)        000000
__Lspace_4                                    (abs)        000000
__Lstack                                      stack        000000
__Lstruct                                     struct       000000
__Ltemp                                       temp         000064
__Ltext                                       text         000000
__Ltext0                                      text0        000000
__Ltext1                                      text1        000000
__Ltext10                                     text10       000000
__Ltext11                                     text11       000000
__Ltext12                                     text12       000000
__Ltext13                                     text13       000000
__Ltext15                                     text15       000000
__Ltext16                                     text16       000000
__Ltext17                                     text17       000000
__Ltext18                                     text18       000000
__Ltext19                                     text19       000000
__Ltext2                                      text2        000000
__Ltext20                                     text20       000000
__Ltext21                                     text21       000000
__Ltext22                                     text22       000000
__Ltext23                                     text23       000000
__Ltext24                                     text24       000000
__Ltext25                                     text25       000000
__Ltext26                                     text26       000000
__Ltext27                                     text27       000000
__Ltext28                                     text28       000000
__Ltext29                                     text29       000000
__Ltext3                                      text3        000000
__Ltext30                                     text30       000000
__Ltext31                                     text31       000000
__Ltext32                                     text32       000000
__Ltext33                                     text33       000000
__Ltext34                                     text34       000000
__Ltext35                                     text35       000000
__Ltext36                                     text36       000000
__Ltext37                                     text37       000000
__Ltext38                                     text38       000000
__Ltext39                                     text39       000000
__Ltext4                                      text4        000000
__Ltext40                                     text40       000000
__Ltext41                                     text41       000000
__Ltext5                                      text5        000000
__Ltext6                                      text6        000000
__Ltext7                                      text7        000000
__Ltext8                                      text8        000000
__Ltext9                                      text9        000000
__S0                                          (abs)        00305A
__S1                                          (abs)        00013F
__S4                                          (abs)        000000
__S5                                          (abs)        000000
___fladd                                      text7        00102E
___fladd@a                                    cstackBANK0  0000F8
___fladd@aexp                                 cstackBANK0  0000FD
___fladd@b                                    cstackBANK0  0000F4
___fladd@bexp                                 cstackBANK0  0000FE
___fladd@grs                                  cstackBANK0  0000FF
___fladd@signs                                cstackBANK0  0000FC
___fldiv                                      text6        001D76
___fldiv@a                                    cstackCOMRAM 00002E
___fldiv@aexp                                 cstackCOMRAM 000042
___fldiv@b                                    cstackCOMRAM 00002A
___fldiv@bexp                                 cstackCOMRAM 000041
___fldiv@grs                                  cstackCOMRAM 00003D
___fldiv@new_exp                              cstackCOMRAM 00003B
___fldiv@rem                                  cstackCOMRAM 000036
___fldiv@sign                                 cstackCOMRAM 00003A
___fltol                                      text5        002676
___fltol@exp1                                 cstackCOMRAM 000025
___fltol@f1                                   cstackCOMRAM 00001C
___fltol@sign1                                cstackCOMRAM 000024
___heap_hi                                    (abs)        000000
___heap_lo                                    (abs)        000000
___inthi_sp                                   stack        000000
___intlo_sp                                   stack        000000
___param_bank                                 (abs)        000000
___rparam_used                                (abs)        000001
___sp                                         stack        000000
___xxtofl                                     text4        002110
___xxtofl@arg                                 cstackCOMRAM 000026
___xxtofl@exp                                 cstackCOMRAM 000025
___xxtofl@sign                                cstackCOMRAM 000024
___xxtofl@val                                 cstackCOMRAM 00001C
__accesstop                                   (abs)        000080
__activetblptr                                (abs)        000003
__end_of_ADC_ISR                              text40       00305A
__end_of_CCP1_ISR                             text39       003056
__end_of_CCP2_ISR                             text38       003052
__end_of_EUSART_ASYNC_RX_Init                 text9        002958
__end_of_EUSART_ASYNC_TX_Init                 text8        002A0C
__end_of_EUSART_BaudRate_Calculations         text3        001980
__end_of_EUSART_RX_ISR                        text30       002ED4
__end_of_EUSART_RX_Interrupt_Hundeler         text31       00287C
__end_of_EUSART_TX_ISR                        text26       002F30
__end_of_EUSART_TX_Interrupt_Hundeler         text27       003010
__end_of_INT0_ISR                             text25       00304E
__end_of_INT1_ISR                             text24       00304A
__end_of_INT2_ISR                             text23       003046
__end_of_Interrupt_Manager                    intcode_body 001D76
__end_of_RB4_ISR                              text22       002FE6
__end_of_RB5_ISR                              text21       002FCC
__end_of_RB6_ISR                              text20       002FB2
__end_of_RB7_ISR                              text19       002F98
__end_of_TIMER0_ISR                           text18       003034
__end_of_TIMER1_ISR                           text17       003028
__end_of_TIMER2_ISR                           text16       00303C
__end_of_TIMER3_ISR                           text15       00301C
__end_of_USART_ASYNC_Init                     text2        002E74
__end_of_USART_ASYNC_ReadByte_Non_Blocking    text37       002F5A
__end_of_USART_ASYNC_WriteByte_Blocking       text36       003000
__end_of_USART_ASYNC_WriteString_Blocking     text35       002DD0
__end_of___fladd                              text7        0014F0
__end_of___fldiv                              text6        002110
__end_of___fltol                              text5        00277C
__end_of___xxtofl                             text4        0022C4
__end_of__initialization                      cinit        002B16
__end_of_gpio_pin_direction_intialize         text13       002408
__end_of_gpio_pin_intialize                   text11       002D7A
__end_of_gpio_pin_toggle_logic                text29       002A9E
__end_of_gpio_pin_write_logic                 text12       002544
__end_of_led_initialize                       text10       002C9C
__end_of_led_toggle                           text28       002D0E
__end_of_led_turn_off                         text33       002C20
__end_of_led_turn_on                          text32       002BA0
__end_of_main                                 text0        002F7E
__end_of_usart_int_init                       text1        002E22
__end_ofi2_gpio_pin_write_logic               text34       002676
__initialization                              cinit        002A9E
__mediumconst                                 mediumconst  000000
__pbssBANK0                                   bssBANK0     000080
__pbssCOMRAM                                  bssCOMRAM    000047
__pcinit                                      cinit        002A9E
__pcstackBANK0                                cstackBANK0  0000F4
__pcstackBANK1                                cstackBANK1  000130
__pcstackCOMRAM                               cstackCOMRAM 000001
__pdataBANK0                                  dataBANK0    0000C6
__pdataBANK1                                  dataBANK1    000100
__pdataCOMRAM                                 dataCOMRAM   00005E
__pidataBANK0                                 idataBANK0   002ED4
__pidataBANK1                                 idataBANK1   002E74
__pidataCOMRAM                                idataCOMRAM  00303C
__pintcode                                    intcode      000008
__pintcode_body                               intcode_body 001980
__psmallconst                                 smallconst   001000
__ptext0                                      text0        002F5A
__ptext1                                      text1        002DD0
__ptext10                                     text10       002C20
__ptext11                                     text11       002D0E
__ptext12                                     text12       002408
__ptext13                                     text13       0022C4
__ptext15                                     text15       003010
__ptext16                                     text16       003034
__ptext17                                     text17       00301C
__ptext18                                     text18       003028
__ptext19                                     text19       002F7E
__ptext2                                      text2        002E22
__ptext20                                     text20       002F98
__ptext21                                     text21       002FB2
__ptext22                                     text22       002FCC
__ptext23                                     text23       003042
__ptext24                                     text24       003046
__ptext25                                     text25       00304A
__ptext26                                     text26       002F02
__ptext27                                     text27       003000
__ptext28                                     text28       002C9C
__ptext29                                     text29       002A0C
__ptext3                                      text3        0014F0
__ptext30                                     text30       002EA4
__ptext31                                     text31       00277C
__ptext32                                     text32       002B20
__ptext33                                     text33       002BA0
__ptext34                                     text34       002544
__ptext35                                     text35       002D7A
__ptext36                                     text36       002FE6
__ptext37                                     text37       002F30
__ptext38                                     text38       00304E
__ptext39                                     text39       003052
__ptext4                                      text4        002110
__ptext40                                     text40       003056
__ptext41                                     text41       000000
__ptext5                                      text5        002676
__ptext6                                      text6        001D76
__ptext7                                      text7        00102E
__ptext8                                      text8        002958
__ptext9                                      text9        00287C
__ramtop                                      ramtop       001000
__smallconst                                  smallconst   001000
_gpio_pin_direction_intialize                 text13       0022C4
_gpio_pin_intialize                           text11       002D0E
_gpio_pin_toggle_logic                        text29       002A0C
_gpio_pin_write_logic                         text12       002408
_keypad_btn_values                            dataBANK1    000100
_lat_registers                                dataBANK0    0000D0
_lcd_1                                        dataBANK0    0000EE
_lcd_2                                        dataBANK0    0000E4
_led1                                         dataCOMRAM   000063
_led2                                         dataCOMRAM   000062
_led_initialize                               text10       002C20
_led_toggle                                   text28       002C9C
_led_turn_off                                 text33       002BA0
_led_turn_on                                  text32       002B20
_main                                         text0        002F5A
_port_registers                               dataBANK0    0000C6
_rec_usart                                    bssCOMRAM    000053
_timer0_preload                               bssCOMRAM    00004B
_timer1_preload                               bssBANK0     00008A
_timer2_preloaded                             bssCOMRAM    000056
_timer3_preload                               bssBANK0     000086
_tris_registers                               dataBANK0    0000DA
_usart_int_init                               text1        002DD0
_usart_obj                                    bssBANK0     0000B4
_virtual_Rx_counter                           bssCOMRAM    000054
_virtual_Tx_counter                           bssCOMRAM    000055
btemp                                         temp         000064
end_of_initialization                         cinit        002B16
gpio_pin_direction_intialize@pin_config       cstackCOMRAM 00001C
gpio_pin_direction_intialize@ret              cstackCOMRAM 000024
gpio_pin_intialize@pin_config                 cstackCOMRAM 000026
gpio_pin_intialize@ret                        cstackCOMRAM 000029
gpio_pin_toggle_logic@pin_config              cstackCOMRAM 000001
gpio_pin_write_logic@logic                    cstackCOMRAM 00001E
gpio_pin_write_logic@pin_config               cstackCOMRAM 00001C
gpio_pin_write_logic@ret                      cstackCOMRAM 000025
i2_gpio_pin_write_logic                       text34       002544
i2gpio_pin_write_logic@logic                  cstackCOMRAM 000003
i2gpio_pin_write_logic@pin_config             cstackCOMRAM 000001
int$flags                                     temp         000064
int_func                                      intcode_body 001980
intlevel0                                     text         000000
intlevel1                                     text         000000
intlevel2                                     text         000000
intlevel3                                     text         000000
isa$std                                       (abs)        000001
isa$xinst                                     (abs)        000000
led_initialize@F3048                          bssCOMRAM    00005D
led_initialize@led                            cstackCOMRAM 00002A
led_initialize@pin_obj                        cstackCOMRAM 00002E
led_initialize@ret                            cstackCOMRAM 00002D
led_toggle@F3063                              bssCOMRAM    00005A
led_toggle@led                                cstackCOMRAM 000008
led_toggle@pin_obj                            cstackCOMRAM 00000B
led_turn_off@F3058                            bssCOMRAM    00005B
led_turn_off@led                              cstackCOMRAM 00000A
led_turn_off@pin_obj                          cstackCOMRAM 00000E
led_turn_off@ret                              cstackCOMRAM 00000D
led_turn_on@F3053                             bssCOMRAM    00005C
led_turn_on@led                               cstackCOMRAM 00000A
led_turn_on@pin_obj                           cstackCOMRAM 00000E
led_turn_on@ret                               cstackCOMRAM 00000D
stackhi                                       (abs)        000000
stacklo                                       (abs)        000000
start                                         init         00000E
start_initialization                          cinit        002A9E
ttemp5                                        temp         000065
ttemp6                                        temp         000068
ttemp7                                        temp         00006C
wtemp8                                        temp         000065


MODULE INFORMATION

Module		Function		Class		Link	Load	Size
MCAL_Layer/interrupt/mcal_external_interrupt.c
		_RB4_ISR       		CODE           	2FCC	0000	26
		_RB5_ISR       		CODE           	2FB2	0000	26
		_RB6_ISR       		CODE           	2F98	0000	26
		_RB7_ISR       		CODE           	2F7E	0000	26
		_INT0_ISR      		CODE           	304A	0000	4
		_INT1_ISR      		CODE           	3046	0000	4
		_INT2_ISR      		CODE           	3042	0000	4

MCAL_Layer/interrupt/mcal_external_interrupt.c estimated size: 116

MCAL_Layer/Timer/hal_Timer0.c
		_TIMER0_ISR    		CODE           	3028	0000	12

MCAL_Layer/Timer/hal_Timer0.c estimated size: 12

D:\Embeded-Compiler\pic\sources\c99\common\xxtofl.c
		___xxtofl      		CODE           	2110	0000	436

D:\Embeded-Compiler\pic\sources\c99\common\xxtofl.c estimated size: 436

D:\Embeded-Compiler\pic\sources\c99\common\fltol.c
		___fltol       		CODE           	2676	0000	262

D:\Embeded-Compiler\pic\sources\c99\common\fltol.c estimated size: 262

MCAL_Layer/CCP1/hal_ccp.c
		_CCP1_ISR      		CODE           	3052	0000	4
		_CCP2_ISR      		CODE           	304E	0000	4

MCAL_Layer/CCP1/hal_ccp.c estimated size: 8

D:\Embeded-Compiler\pic\sources\c99\common\sprcdiv.c
		___fldiv       		CODE           	1D76	0000	922

D:\Embeded-Compiler\pic\sources\c99\common\sprcdiv.c estimated size: 922

shared
		__initialization		CODE           	2A9E	0000	120
		i2_gpio_pin_write_logic		CODE           	2544	0000	306

shared estimated size: 426

MCAL_Layer/ADC/hal_adc.c
		_ADC_ISR       		CODE           	3056	0000	4

MCAL_Layer/ADC/hal_adc.c estimated size: 4

MCAL_Layer/GPIO/hal_gpio.c
		_gpio_pin_write_logic		CODE           	2408	0000	316
		_gpio_pin_intialize		CODE           	2D0E	0000	108
		_gpio_pin_direction_intialize		CODE           	22C4	0000	324
		_gpio_pin_toggle_logic		CODE           	2A0C	0000	146

MCAL_Layer/GPIO/hal_gpio.c estimated size: 894

ECU_Layer/LED/ecu_led.c
		_led_initialize		CODE           	2C20	0000	124
		_led_turn_on   		CODE           	2B20	0000	128
		_led_turn_off  		CODE           	2BA0	0000	128
		_led_toggle    		CODE           	2C9C	0000	114

ECU_Layer/LED/ecu_led.c estimated size: 494

MCAL_Layer/UART/hal_uart.c
		_USART_ASYNC_WriteByte_Blocking		CODE           	2FE6	0000	26
		_USART_ASYNC_WriteString_Blocking		CODE           	2D7A	0000	86
		_EUSART_BaudRate_Calculations		CODE           	14F0	0000	1168
		_EUSART_RX_ISR 		CODE           	2EA4	0000	48
		_EUSART_TX_ISR 		CODE           	2F02	0000	46
		_USART_ASYNC_ReadByte_Non_Blocking		CODE           	2F30	0000	42
		_USART_ASYNC_Init		CODE           	2E22	0000	82
		_EUSART_ASYNC_RX_Init		CODE           	287C	0000	220
		_EUSART_ASYNC_TX_Init		CODE           	2958	0000	180

MCAL_Layer/UART/hal_uart.c estimated size: 1898

D:\Embeded-Compiler\pic\sources\c99\common\sprcadd.c
		___fladd       		CODE           	102E	0000	1218

D:\Embeded-Compiler\pic\sources\c99\common\sprcadd.c estimated size: 1218

application.c
		_main          		CODE           	2F5A	0000	36
		_EUSART_RX_Interrupt_Hundeler		CODE           	277C	0000	256
		_EUSART_TX_Interrupt_Hundeler		CODE           	3000	0000	16
		_usart_int_init		CODE           	2DD0	0000	82

application.c estimated size: 390

MCAL_Layer/Timer3/hal_timer3.c
		_TIMER3_ISR    		CODE           	3010	0000	12

MCAL_Layer/Timer3/hal_timer3.c estimated size: 12

MCAL_Layer/Timer2/hal_timer2.c
		_TIMER2_ISR    		CODE           	3034	0000	8

MCAL_Layer/Timer2/hal_timer2.c estimated size: 8

MCAL_Layer/Timer1/hal_timer1.c
		_TIMER1_ISR    		CODE           	301C	0000	12

MCAL_Layer/Timer1/hal_timer1.c estimated size: 12

MCAL_Layer/interrupt/mcal_interrupt_manager.c
		_Interrupt_Manager		CODE           	0008	0000	1020

MCAL_Layer/interrupt/mcal_interrupt_manager.c estimated size: 1020

